✔ [8920/8928] Built Mathlib.LinearAlgebra.AffineSpace.Dimension (5.7s)
✔ [8921/8928] Built Mathlib.Topology.MetricSpace.GromovHausdorffRealized (5.7s)
✔ [8923/8928] Built Mathlib (9.4s)
✔ [8924/8928] Built ILab.RQ001.CapabilityOrder (17s)
⚠ [8925/8928] Built ILab.RQ001.SymmetryObstruction (17s)
warning: ILab/RQ001/SymmetryObstruction.lean:97:4: Try `simp at hne` instead of `simpa using hne`

Note: This linter can be disabled with `set_option linter.unnecessarySimpa false`
⚠ [8926/8928] Built ILab.RQ001.FourStateQuotient (18s)
warning: ILab/RQ001/FourStateQuotient.lean:64:4: try 'simp' instead of 'simpa'

Note: This linter can be disabled with `set_option linter.unnecessarySimpa false`
⚠ [8927/8928] Built ILab.RQ001.TransformationSufficientQuotient (18s)
warning: ILab/RQ001/TransformationSufficientQuotient.lean:131:6: try 'simp' instead of 'simpa'

Note: This linter can be disabled with `set_option linter.unnecessarySimpa false`
warning: ILab/RQ001/TransformationSufficientQuotient.lean:140:6: try 'simp' instead of 'simpa'

Note: This linter can be disabled with `set_option linter.unnecessarySimpa false`
warning: ILab/RQ001/TransformationSufficientQuotient.lean:194:4: try 'simp' instead of 'simpa'

Note: This linter can be disabled with `set_option linter.unnecessarySimpa false`
warning: ILab/RQ001/TransformationSufficientQuotient.lean:197:4: try 'simp' instead of 'simpa'

Note: This linter can be disabled with `set_option linter.unnecessarySimpa false`
warning: ILab/RQ001/TransformationSufficientQuotient.lean:255:14: try 'simp' instead of 'simpa'

Note: This linter can be disabled with `set_option linter.unnecessarySimpa false`
Build completed successfully (8928 jobs).
