'ILab.RQ001.TransformEq' depends on axioms: [propext, Quot.sound]
'ILab.RQ001.transformEq_refl' depends on axioms: [propext, Quot.sound]
'ILab.RQ001.transformEq_symm' depends on axioms: [propext, Quot.sound]
'ILab.RQ001.transformEq_trans' depends on axioms: [propext, Quot.sound]
'ILab.RQ001.transformSetoid' depends on axioms: [propext, Quot.sound]
'ILab.RQ001.TransformQuot' depends on axioms: [propext, Quot.sound]
'ILab.RQ001.transformEq_map' depends on axioms: [propext, Quot.sound]
'ILab.RQ001.transformationQuotientFunctor' depends on axioms: [propext, Quot.sound]
'ILab.RQ001.transformationQuotientNatTrans' depends on axioms: [propext, Classical.choice, Quot.sound]
'ILab.RQ001.probeDesc' depends on axioms: [propext, Quot.sound]
'ILab.RQ001.probe_factors_through_quotient' depends on axioms: [propext, Classical.choice, Quot.sound]
'ILab.RQ001.PointwiseSurjective' depends on axioms: [propext, Classical.choice, Quot.sound]
'ILab.RQ001.ProbesFactorThrough' depends on axioms: [propext, Classical.choice, Quot.sound]
'ILab.RQ001.nat_kernel_le_transformEq' depends on axioms: [propext, Classical.choice, Quot.sound]
'ILab.RQ001.chosenPreimage' depends on axioms: [propext, Classical.choice, Quot.sound]
'ILab.RQ001.chosenPreimage_spec' depends on axioms: [propext, Classical.choice, Quot.sound]
'ILab.RQ001.quotientFactorNatTrans' depends on axioms: [propext, Classical.choice, Quot.sound]
'ILab.RQ001.quotientFactor_triangle' depends on axioms: [propext, Classical.choice, Quot.sound]
'ILab.RQ001.quotientFactor_unique' depends on axioms: [propext, Classical.choice, Quot.sound]
'ILab.RQ001.transformation_sufficient_quotient_universal' depends on axioms: [propext, Classical.choice, Quot.sound]
PASS: scanned 202 ILab.RQ001 declarations across all four modules; no project axioms or admitted expressions.
